
Merging program properties

Removed property 0xc0000002 to merge cat.o (0x3) and usys.o (not found)
Removed property 0xc0000002 to merge cat.o (not found) and printf.o (0x3)
Removed property 0xc0000002 to merge cat.o (not found) and umalloc.o (0x3)

Allocating common symbols
Common symbol       size              file

buf                 0x200             cat.o

Discarded input sections

 .note.GNU-stack
                0x0000000000000000        0x0 cat.o
 .note.gnu.property
                0x0000000000000000       0x1c cat.o
 .note.GNU-stack
                0x0000000000000000        0x0 ulib.o
 .note.gnu.property
                0x0000000000000000       0x1c ulib.o
 .note.GNU-stack
                0x0000000000000000        0x0 printf.o
 .note.gnu.property
                0x0000000000000000       0x1c printf.o
 .note.GNU-stack
                0x0000000000000000        0x0 umalloc.o
 .note.gnu.property
                0x0000000000000000       0x1c umalloc.o

Memory Configuration

Name             Origin             Length             Attributes
*default*        0x0000000000000000 0xffffffffffffffff

Linker script and memory map

Address of section .text set to 0x1000
LOAD cat.o
LOAD ulib.o
LOAD usys.o
LOAD printf.o
LOAD umalloc.o
                [!provide]                        PROVIDE (__executable_start = SEGMENT_START ("text-segment", 0x8048000))
                0x0000000008048074                . = (SEGMENT_START ("text-segment", 0x8048000) + SIZEOF_HEADERS)

.interp
 *(.interp)

.note.gnu.build-id
 *(.note.gnu.build-id)

.hash
 *(.hash)

.gnu.hash
 *(.gnu.hash)

.dynsym
 *(.dynsym)

.dynstr
 *(.dynstr)

.gnu.version
 *(.gnu.version)

.gnu.version_d
 *(.gnu.version_d)

.gnu.version_r
 *(.gnu.version_r)

.rel.init
 *(.rel.init)

.rel.text       0x0000000008048074        0x0
 *(.rel.text .rel.text.* .rel.gnu.linkonce.t.*)
 .rel.text      0x0000000008048074        0x0 cat.o

.rel.fini
 *(.rel.fini)

.rel.rodata
 *(.rel.rodata .rel.rodata.* .rel.gnu.linkonce.r.*)

.rel.data.rel.ro
 *(.rel.data.rel.ro .rel.data.rel.ro.* .rel.gnu.linkonce.d.rel.ro.*)

.rel.data
 *(.rel.data .rel.data.* .rel.gnu.linkonce.d.*)

.rel.tdata
 *(.rel.tdata .rel.tdata.* .rel.gnu.linkonce.td.*)

.rel.tbss
 *(.rel.tbss .rel.tbss.* .rel.gnu.linkonce.tb.*)

.rel.ctors
 *(.rel.ctors)

.rel.dtors
 *(.rel.dtors)

.rel.got        0x0000000008048074        0x0
 *(.rel.got)
 .rel.got       0x0000000008048074        0x0 cat.o

.rel.bss
 *(.rel.bss .rel.bss.* .rel.gnu.linkonce.b.*)

.rel.ifunc
 *(.rel.ifunc)

.rel.plt        0x0000000008048074        0x0
 *(.rel.plt)
                [!provide]                        PROVIDE (__rel_iplt_start = .)
 *(.rel.iplt)
 .rel.iplt      0x0000000008048074        0x0 cat.o
                [!provide]                        PROVIDE (__rel_iplt_end = .)

.init
 *(SORT_NONE(.init))

.plt            0x0000000008048074        0x0
 *(.plt)
 *(.iplt)
 .iplt          0x0000000008048074        0x0 cat.o

.plt.got
 *(.plt.got)

.plt.sec
 *(.plt.sec)

.text           0x0000000000001000      0x846
 *(.text.unlikely .text.*_unlikely .text.unlikely.*)
 *(.text.exit .text.exit.*)
 *(.text.startup .text.startup.*)
 .text.startup  0x0000000000001000       0x8c cat.o
                0x0000000000001000                main
 *(.text.hot .text.hot.*)
 *(SORT_BY_NAME(.text.sorted.*))
 *(.text .stub .text.* .gnu.linkonce.t.*)
 *fill*         0x000000000000108c        0x4 
 .text          0x0000000000001090       0x73 cat.o
                0x0000000000001090                cat
 *fill*         0x0000000000001103        0xd 
 .text          0x0000000000001110      0x25b ulib.o
                0x0000000000001110                strcpy
                0x0000000000001140                strcmp
                0x0000000000001190                strlen
                0x00000000000011d0                memset
                0x00000000000011f0                strchr
                0x0000000000001230                gets
                0x00000000000012b0                stat
                0x0000000000001300                atoi
                0x0000000000001340                memmove
 .text          0x000000000000136b       0xc0 usys.o
                0x000000000000136b                fork
                0x0000000000001373                exit
                0x000000000000137b                wait
                0x0000000000001383                pipe
                0x000000000000138b                read
                0x0000000000001393                write
                0x000000000000139b                close
                0x00000000000013a3                kill
                0x00000000000013ab                exec
                0x00000000000013b3                open
                0x00000000000013bb                mknod
                0x00000000000013c3                unlink
                0x00000000000013cb                fstat
                0x00000000000013d3                link
                0x00000000000013db                mkdir
                0x00000000000013e3                chdir
                0x00000000000013eb                dup
                0x00000000000013f3                getpid
                0x00000000000013fb                sbrk
                0x0000000000001403                sleep
                0x000000000000140b                uptime
                0x0000000000001413                getyear
                0x000000000000141b                mprotect
                0x0000000000001423                munprotect
 *fill*         0x000000000000142b        0x5 
 .text          0x0000000000001430      0x276 printf.o
                0x00000000000014e0                printf
 *fill*         0x00000000000016a6        0xa 
 .text          0x00000000000016b0      0x196 umalloc.o
                0x00000000000016b0                free
                0x0000000000001740                malloc
 *(.gnu.warning)

.fini
 *(SORT_NONE(.fini))
                [!provide]                        PROVIDE (__etext = .)
                [!provide]                        PROVIDE (_etext = .)
                [!provide]                        PROVIDE (etext = .)

.rodata         0x0000000000001848       0x51
 *(.rodata .rodata.* .gnu.linkonce.r.*)
 .rodata.str1.1
                0x0000000000001848       0x38 cat.o
 .rodata.str1.1
                0x0000000000001880        0x7 printf.o
 *fill*         0x0000000000001887        0x1 
 .rodata        0x0000000000001888       0x11 printf.o

.rodata1
 *(.rodata1)

.eh_frame_hdr
 *(.eh_frame_hdr)
 *(.eh_frame_entry .eh_frame_entry.*)

.eh_frame       0x000000000000189c      0x2d0
 *(.eh_frame)
 .eh_frame      0x000000000000189c       0x78 cat.o
 .eh_frame      0x0000000000001914      0x17c ulib.o
                                        0x194 (size before relaxing)
 .eh_frame      0x0000000000001a90       0x60 printf.o
                                         0x78 (size before relaxing)
 .eh_frame      0x0000000000001af0       0x7c umalloc.o
                                         0x94 (size before relaxing)
 *(.eh_frame.*)

.gcc_except_table
 *(.gcc_except_table .gcc_except_table.*)

.gnu_extab
 *(.gnu_extab*)

.exception_ranges
 *(.exception_ranges*)
                0x0000000000001b6c                . = .

.eh_frame
 *(.eh_frame)
 *(.eh_frame.*)

.gnu_extab
 *(.gnu_extab)

.gcc_except_table
 *(.gcc_except_table .gcc_except_table.*)

.exception_ranges
 *(.exception_ranges*)

.tdata          0x0000000000001b6c        0x0
                [!provide]                        PROVIDE (__tdata_start = .)
 *(.tdata .tdata.* .gnu.linkonce.td.*)

.tbss
 *(.tbss .tbss.* .gnu.linkonce.tb.*)
 *(.tcommon)

.preinit_array  0x0000000000001b6c        0x0
                [!provide]                        PROVIDE (__preinit_array_start = .)
 *(.preinit_array)
                [!provide]                        PROVIDE (__preinit_array_end = .)

.init_array     0x0000000000001b6c        0x0
                [!provide]                        PROVIDE (__init_array_start = .)
 *(SORT_BY_INIT_PRIORITY(.init_array.*) SORT_BY_INIT_PRIORITY(.ctors.*))
 *(.init_array EXCLUDE_FILE(*crtend?.o *crtend.o *crtbegin?.o *crtbegin.o) .ctors)
                [!provide]                        PROVIDE (__init_array_end = .)

.fini_array     0x0000000000001b6c        0x0
                [!provide]                        PROVIDE (__fini_array_start = .)
 *(SORT_BY_INIT_PRIORITY(.fini_array.*) SORT_BY_INIT_PRIORITY(.dtors.*))
 *(.fini_array EXCLUDE_FILE(*crtend?.o *crtend.o *crtbegin?.o *crtbegin.o) .dtors)
                [!provide]                        PROVIDE (__fini_array_end = .)

.ctors
 *crtbegin.o(.ctors)
 *crtbegin?.o(.ctors)
 *(EXCLUDE_FILE(*crtend?.o *crtend.o) .ctors)
 *(SORT_BY_NAME(.ctors.*))
 *(.ctors)

.dtors
 *crtbegin.o(.dtors)
 *crtbegin?.o(.dtors)
 *(EXCLUDE_FILE(*crtend?.o *crtend.o) .dtors)
 *(SORT_BY_NAME(.dtors.*))
 *(.dtors)

.jcr
 *(.jcr)

.data.rel.ro
 *(.data.rel.ro.local* .gnu.linkonce.d.rel.ro.local.*)
 *(.data.rel.ro .data.rel.ro.* .gnu.linkonce.d.rel.ro.*)

.dynamic
 *(.dynamic)

.got            0x0000000000001b6c        0x0
 *(.got)
 .got           0x0000000000001b6c        0x0 cat.o
 *(.igot)

.got.plt        0x0000000000001b6c        0x0
 *(.got.plt)
 .got.plt       0x0000000000001b6c        0x0 cat.o
 *(.igot.plt)
 .igot.plt      0x0000000000001b6c        0x0 cat.o

.data           0x0000000000001b6c        0x0
 *(.data .data.* .gnu.linkonce.d.*)
 .data          0x0000000000001b6c        0x0 cat.o
 .data          0x0000000000001b6c        0x0 ulib.o
 .data          0x0000000000001b6c        0x0 usys.o
 .data          0x0000000000001b6c        0x0 printf.o
 .data          0x0000000000001b6c        0x0 umalloc.o

.data1
 *(.data1)
                0x0000000000001b6c                _edata = .
                [!provide]                        PROVIDE (edata = .)
                0x0000000000001b6c                . = .
                0x0000000000001b6c                __bss_start = .

.bss            0x0000000000001b80      0x220
 *(.dynbss)
 *(.bss .bss.* .gnu.linkonce.b.*)
 .bss           0x0000000000001b80        0x0 cat.o
 .bss           0x0000000000001b80        0x0 ulib.o
 .bss           0x0000000000001b80        0x0 usys.o
 .bss           0x0000000000001b80        0x0 printf.o
 .bss           0x0000000000001b80        0xc umalloc.o
 *(COMMON)
 *fill*         0x0000000000001b8c       0x14 
 COMMON         0x0000000000001ba0      0x200 cat.o
                0x0000000000001ba0                buf
                0x0000000000001da0                . = ALIGN ((. != 0x0)?0x4:0x1)
                0x0000000000001da0                . = ALIGN (0x4)
                0x0000000000001da0                . = SEGMENT_START ("ldata-segment", .)
                0x0000000000001da0                . = ALIGN (0x4)
                0x0000000000001da0                _end = .
                [!provide]                        PROVIDE (end = .)

.stab
 *(.stab)

.stabstr
 *(.stabstr)

.stab.excl
 *(.stab.excl)

.stab.exclstr
 *(.stab.exclstr)

.stab.index
 *(.stab.index)

.stab.indexstr
 *(.stab.indexstr)

.comment        0x0000000000000000       0x2b
 *(.comment)
 .comment       0x0000000000000000       0x2b cat.o
                                         0x2c (size before relaxing)
 .comment       0x000000000000002b       0x2c ulib.o
 .comment       0x000000000000002b       0x2c printf.o
 .comment       0x000000000000002b       0x2c umalloc.o

.gnu.build.attributes
 *(.gnu.build.attributes .gnu.build.attributes.*)

.debug
 *(.debug)

.line
 *(.line)

.debug_srcinfo
 *(.debug_srcinfo)

.debug_sfnames
 *(.debug_sfnames)

.debug_aranges  0x0000000000000000       0xa8
 *(.debug_aranges)
 .debug_aranges
                0x0000000000000000       0x28 cat.o
 .debug_aranges
                0x0000000000000028       0x20 ulib.o
 .debug_aranges
                0x0000000000000048       0x20 usys.o
 .debug_aranges
                0x0000000000000068       0x20 printf.o
 .debug_aranges
                0x0000000000000088       0x20 umalloc.o

.debug_pubnames
 *(.debug_pubnames)

.debug_info     0x0000000000000000      0xca5
 *(.debug_info .gnu.linkonce.wi.*)
 .debug_info    0x0000000000000000      0x225 cat.o
 .debug_info    0x0000000000000225      0x46a ulib.o
 .debug_info    0x000000000000068f       0x26 usys.o
 .debug_info    0x00000000000006b5      0x3b5 printf.o
 .debug_info    0x0000000000000a6a      0x23b umalloc.o

.debug_abbrev   0x0000000000000000      0x651
 *(.debug_abbrev)
 .debug_abbrev  0x0000000000000000      0x141 cat.o
 .debug_abbrev  0x0000000000000141      0x186 ulib.o
 .debug_abbrev  0x00000000000002c7       0x14 usys.o
 .debug_abbrev  0x00000000000002db      0x1c0 printf.o
 .debug_abbrev  0x000000000000049b      0x1b6 umalloc.o

.debug_line     0x0000000000000000      0x918
 *(.debug_line .debug_line.* .debug_line_end)
 .debug_line    0x0000000000000000      0x103 cat.o
 .debug_line    0x0000000000000103      0x2b9 ulib.o
 .debug_line    0x00000000000003bc       0x4d usys.o
 .debug_line    0x0000000000000409      0x2e3 printf.o
 .debug_line    0x00000000000006ec      0x22c umalloc.o

.debug_frame
 *(.debug_frame)

.debug_str      0x0000000000000000      0x25e
 *(.debug_str)
 .debug_str     0x0000000000000000      0x150 cat.o
                                        0x162 (size before relaxing)
 .debug_str     0x0000000000000150       0x77 ulib.o
                                        0x1b7 (size before relaxing)
 .debug_str     0x00000000000001c7       0x13 usys.o
                                         0x2b (size before relaxing)
 .debug_str     0x00000000000001da       0x29 printf.o
                                        0x166 (size before relaxing)
 .debug_str     0x0000000000000203       0x5b umalloc.o
                                        0x195 (size before relaxing)

.debug_loc      0x0000000000000000      0xbd9
 *(.debug_loc)
 .debug_loc     0x0000000000000000      0x120 cat.o
 .debug_loc     0x0000000000000120      0x3aa ulib.o
 .debug_loc     0x00000000000004ca      0x4de printf.o
 .debug_loc     0x00000000000009a8      0x231 umalloc.o

.debug_macinfo
 *(.debug_macinfo)

.debug_weaknames
 *(.debug_weaknames)

.debug_funcnames
 *(.debug_funcnames)

.debug_typenames
 *(.debug_typenames)

.debug_varnames
 *(.debug_varnames)

.debug_pubtypes
 *(.debug_pubtypes)

.debug_ranges   0x0000000000000000       0x88
 *(.debug_ranges)
 .debug_ranges  0x0000000000000000       0x18 cat.o
 .debug_ranges  0x0000000000000018       0x58 printf.o
 .debug_ranges  0x0000000000000070       0x18 umalloc.o

.debug_macro
 *(.debug_macro)

.debug_addr
 *(.debug_addr)

.gnu.attributes
 *(.gnu.attributes)

/DISCARD/
 *(.note.GNU-stack)
 *(.gnu_debuglink)
 *(.gnu.lto_*)
OUTPUT(_cat elf32-i386)
