
Merging program properties

Removed property 0xc0000002 to merge kill.o (0x3) and usys.o (not found)
Removed property 0xc0000002 to merge kill.o (not found) and printf.o (0x3)
Removed property 0xc0000002 to merge kill.o (not found) and umalloc.o (0x3)

Discarded input sections

 .note.GNU-stack
                0x0000000000000000        0x0 kill.o
 .note.gnu.property
                0x0000000000000000       0x1c kill.o
 .note.GNU-stack
                0x0000000000000000        0x0 ulib.o
 .note.gnu.property
                0x0000000000000000       0x1c ulib.o
 .note.GNU-stack
                0x0000000000000000        0x0 printf.o
 .note.gnu.property
                0x0000000000000000       0x1c printf.o
 .note.GNU-stack
                0x0000000000000000        0x0 umalloc.o
 .note.gnu.property
                0x0000000000000000       0x1c umalloc.o

Memory Configuration

Name             Origin             Length             Attributes
*default*        0x0000000000000000 0xffffffffffffffff

Linker script and memory map

Address of section .text set to 0x1000
LOAD kill.o
LOAD ulib.o
LOAD usys.o
LOAD printf.o
LOAD umalloc.o
                [!provide]                        PROVIDE (__executable_start = SEGMENT_START ("text-segment", 0x8048000))
                0x0000000008048074                . = (SEGMENT_START ("text-segment", 0x8048000) + SIZEOF_HEADERS)

.interp
 *(.interp)

.note.gnu.build-id
 *(.note.gnu.build-id)

.hash
 *(.hash)

.gnu.hash
 *(.gnu.hash)

.dynsym
 *(.dynsym)

.dynstr
 *(.dynstr)

.gnu.version
 *(.gnu.version)

.gnu.version_d
 *(.gnu.version_d)

.gnu.version_r
 *(.gnu.version_r)

.rel.init
 *(.rel.init)

.rel.text
 *(.rel.text .rel.text.* .rel.gnu.linkonce.t.*)

.rel.fini
 *(.rel.fini)

.rel.rodata
 *(.rel.rodata .rel.rodata.* .rel.gnu.linkonce.r.*)

.rel.data.rel.ro
 *(.rel.data.rel.ro .rel.data.rel.ro.* .rel.gnu.linkonce.d.rel.ro.*)

.rel.data
 *(.rel.data .rel.data.* .rel.gnu.linkonce.d.*)

.rel.tdata
 *(.rel.tdata .rel.tdata.* .rel.gnu.linkonce.td.*)

.rel.tbss
 *(.rel.tbss .rel.tbss.* .rel.gnu.linkonce.tb.*)

.rel.ctors
 *(.rel.ctors)

.rel.dtors
 *(.rel.dtors)

.rel.got        0x0000000008048074        0x0
 *(.rel.got)
 .rel.got       0x0000000008048074        0x0 kill.o

.rel.bss
 *(.rel.bss .rel.bss.* .rel.gnu.linkonce.b.*)

.rel.ifunc
 *(.rel.ifunc)

.rel.plt        0x0000000008048074        0x0
 *(.rel.plt)
                [!provide]                        PROVIDE (__rel_iplt_start = .)
 *(.rel.iplt)
 .rel.iplt      0x0000000008048074        0x0 kill.o
                [!provide]                        PROVIDE (__rel_iplt_end = .)

.init
 *(SORT_NONE(.init))

.plt            0x0000000008048074        0x0
 *(.plt)
 *(.iplt)
 .iplt          0x0000000008048074        0x0 kill.o

.plt.got
 *(.plt.got)

.plt.sec
 *(.plt.sec)

.text           0x0000000000001000      0x7a6
 *(.text.unlikely .text.*_unlikely .text.unlikely.*)
 *(.text.exit .text.exit.*)
 *(.text.startup .text.startup.*)
 .text.startup  0x0000000000001000       0x64 kill.o
                0x0000000000001000                main
 *(.text.hot .text.hot.*)
 *(SORT_BY_NAME(.text.sorted.*))
 *(.text .stub .text.* .gnu.linkonce.t.*)
 .text          0x0000000000001064        0x0 kill.o
 *fill*         0x0000000000001064        0xc 
 .text          0x0000000000001070      0x25b ulib.o
                0x0000000000001070                strcpy
                0x00000000000010a0                strcmp
                0x00000000000010f0                strlen
                0x0000000000001130                memset
                0x0000000000001150                strchr
                0x0000000000001190                gets
                0x0000000000001210                stat
                0x0000000000001260                atoi
                0x00000000000012a0                memmove
 .text          0x00000000000012cb       0xc0 usys.o
                0x00000000000012cb                fork
                0x00000000000012d3                exit
                0x00000000000012db                wait
                0x00000000000012e3                pipe
                0x00000000000012eb                read
                0x00000000000012f3                write
                0x00000000000012fb                close
                0x0000000000001303                kill
                0x000000000000130b                exec
                0x0000000000001313                open
                0x000000000000131b                mknod
                0x0000000000001323                unlink
                0x000000000000132b                fstat
                0x0000000000001333                link
                0x000000000000133b                mkdir
                0x0000000000001343                chdir
                0x000000000000134b                dup
                0x0000000000001353                getpid
                0x000000000000135b                sbrk
                0x0000000000001363                sleep
                0x000000000000136b                uptime
                0x0000000000001373                getyear
                0x000000000000137b                mprotect
                0x0000000000001383                munprotect
 *fill*         0x000000000000138b        0x5 
 .text          0x0000000000001390      0x276 printf.o
                0x0000000000001440                printf
 *fill*         0x0000000000001606        0xa 
 .text          0x0000000000001610      0x196 umalloc.o
                0x0000000000001610                free
                0x00000000000016a0                malloc
 *(.gnu.warning)

.fini
 *(SORT_NONE(.fini))
                [!provide]                        PROVIDE (__etext = .)
                [!provide]                        PROVIDE (_etext = .)
                [!provide]                        PROVIDE (etext = .)

.rodata         0x00000000000017a8       0x2d
 *(.rodata .rodata.* .gnu.linkonce.r.*)
 .rodata.str1.1
                0x00000000000017a8       0x14 kill.o
 .rodata.str1.1
                0x00000000000017bc        0x7 printf.o
 *fill*         0x00000000000017c3        0x1 
 .rodata        0x00000000000017c4       0x11 printf.o

.rodata1
 *(.rodata1)

.eh_frame_hdr
 *(.eh_frame_hdr)
 *(.eh_frame_entry .eh_frame_entry.*)

.eh_frame       0x00000000000017d8      0x29c
 *(.eh_frame)
 .eh_frame      0x00000000000017d8       0x44 kill.o
 .eh_frame      0x000000000000181c      0x17c ulib.o
                                        0x194 (size before relaxing)
 .eh_frame      0x0000000000001998       0x60 printf.o
                                         0x78 (size before relaxing)
 .eh_frame      0x00000000000019f8       0x7c umalloc.o
                                         0x94 (size before relaxing)
 *(.eh_frame.*)

.gcc_except_table
 *(.gcc_except_table .gcc_except_table.*)

.gnu_extab
 *(.gnu_extab*)

.exception_ranges
 *(.exception_ranges*)
                0x0000000000001a74                . = .

.eh_frame
 *(.eh_frame)
 *(.eh_frame.*)

.gnu_extab
 *(.gnu_extab)

.gcc_except_table
 *(.gcc_except_table .gcc_except_table.*)

.exception_ranges
 *(.exception_ranges*)

.tdata          0x0000000000001a74        0x0
                [!provide]                        PROVIDE (__tdata_start = .)
 *(.tdata .tdata.* .gnu.linkonce.td.*)

.tbss
 *(.tbss .tbss.* .gnu.linkonce.tb.*)
 *(.tcommon)

.preinit_array  0x0000000000001a74        0x0
                [!provide]                        PROVIDE (__preinit_array_start = .)
 *(.preinit_array)
                [!provide]                        PROVIDE (__preinit_array_end = .)

.init_array     0x0000000000001a74        0x0
                [!provide]                        PROVIDE (__init_array_start = .)
 *(SORT_BY_INIT_PRIORITY(.init_array.*) SORT_BY_INIT_PRIORITY(.ctors.*))
 *(.init_array EXCLUDE_FILE(*crtend?.o *crtend.o *crtbegin?.o *crtbegin.o) .ctors)
                [!provide]                        PROVIDE (__init_array_end = .)

.fini_array     0x0000000000001a74        0x0
                [!provide]                        PROVIDE (__fini_array_start = .)
 *(SORT_BY_INIT_PRIORITY(.fini_array.*) SORT_BY_INIT_PRIORITY(.dtors.*))
 *(.fini_array EXCLUDE_FILE(*crtend?.o *crtend.o *crtbegin?.o *crtbegin.o) .dtors)
                [!provide]                        PROVIDE (__fini_array_end = .)

.ctors
 *crtbegin.o(.ctors)
 *crtbegin?.o(.ctors)
 *(EXCLUDE_FILE(*crtend?.o *crtend.o) .ctors)
 *(SORT_BY_NAME(.ctors.*))
 *(.ctors)

.dtors
 *crtbegin.o(.dtors)
 *crtbegin?.o(.dtors)
 *(EXCLUDE_FILE(*crtend?.o *crtend.o) .dtors)
 *(SORT_BY_NAME(.dtors.*))
 *(.dtors)

.jcr
 *(.jcr)

.data.rel.ro
 *(.data.rel.ro.local* .gnu.linkonce.d.rel.ro.local.*)
 *(.data.rel.ro .data.rel.ro.* .gnu.linkonce.d.rel.ro.*)

.dynamic
 *(.dynamic)

.got            0x0000000000001a74        0x0
 *(.got)
 .got           0x0000000000001a74        0x0 kill.o
 *(.igot)

.got.plt        0x0000000000001a74        0x0
 *(.got.plt)
 .got.plt       0x0000000000001a74        0x0 kill.o
 *(.igot.plt)
 .igot.plt      0x0000000000001a74        0x0 kill.o

.data           0x0000000000001a74        0x0
 *(.data .data.* .gnu.linkonce.d.*)
 .data          0x0000000000001a74        0x0 kill.o
 .data          0x0000000000001a74        0x0 ulib.o
 .data          0x0000000000001a74        0x0 usys.o
 .data          0x0000000000001a74        0x0 printf.o
 .data          0x0000000000001a74        0x0 umalloc.o

.data1
 *(.data1)
                0x0000000000001a74                _edata = .
                [!provide]                        PROVIDE (edata = .)
                0x0000000000001a74                . = .
                0x0000000000001a74                __bss_start = .

.bss            0x0000000000001a74        0xc
 *(.dynbss)
 *(.bss .bss.* .gnu.linkonce.b.*)
 .bss           0x0000000000001a74        0x0 kill.o
 .bss           0x0000000000001a74        0x0 ulib.o
 .bss           0x0000000000001a74        0x0 usys.o
 .bss           0x0000000000001a74        0x0 printf.o
 .bss           0x0000000000001a74        0xc umalloc.o
 *(COMMON)
                0x0000000000001a80                . = ALIGN ((. != 0x0)?0x4:0x1)
                0x0000000000001a80                . = ALIGN (0x4)
                0x0000000000001a80                . = SEGMENT_START ("ldata-segment", .)
                0x0000000000001a80                . = ALIGN (0x4)
                0x0000000000001a80                _end = .
                [!provide]                        PROVIDE (end = .)

.stab
 *(.stab)

.stabstr
 *(.stabstr)

.stab.excl
 *(.stab.excl)

.stab.exclstr
 *(.stab.exclstr)

.stab.index
 *(.stab.index)

.stab.indexstr
 *(.stab.indexstr)

.comment        0x0000000000000000       0x2b
 *(.comment)
 .comment       0x0000000000000000       0x2b kill.o
                                         0x2c (size before relaxing)
 .comment       0x000000000000002b       0x2c ulib.o
 .comment       0x000000000000002b       0x2c printf.o
 .comment       0x000000000000002b       0x2c umalloc.o

.gnu.build.attributes
 *(.gnu.build.attributes .gnu.build.attributes.*)

.debug
 *(.debug)

.line
 *(.line)

.debug_srcinfo
 *(.debug_srcinfo)

.debug_sfnames
 *(.debug_sfnames)

.debug_aranges  0x0000000000000000       0xa0
 *(.debug_aranges)
 .debug_aranges
                0x0000000000000000       0x20 kill.o
 .debug_aranges
                0x0000000000000020       0x20 ulib.o
 .debug_aranges
                0x0000000000000040       0x20 usys.o
 .debug_aranges
                0x0000000000000060       0x20 printf.o
 .debug_aranges
                0x0000000000000080       0x20 umalloc.o

.debug_pubnames
 *(.debug_pubnames)

.debug_info     0x0000000000000000      0xb86
 *(.debug_info .gnu.linkonce.wi.*)
 .debug_info    0x0000000000000000      0x106 kill.o
 .debug_info    0x0000000000000106      0x46a ulib.o
 .debug_info    0x0000000000000570       0x26 usys.o
 .debug_info    0x0000000000000596      0x3b5 printf.o
 .debug_info    0x000000000000094b      0x23b umalloc.o

.debug_abbrev   0x0000000000000000      0x5a2
 *(.debug_abbrev)
 .debug_abbrev  0x0000000000000000       0x92 kill.o
 .debug_abbrev  0x0000000000000092      0x186 ulib.o
 .debug_abbrev  0x0000000000000218       0x14 usys.o
 .debug_abbrev  0x000000000000022c      0x1c0 printf.o
 .debug_abbrev  0x00000000000003ec      0x1b6 umalloc.o

.debug_line     0x0000000000000000      0x889
 *(.debug_line .debug_line.* .debug_line_end)
 .debug_line    0x0000000000000000       0x74 kill.o
 .debug_line    0x0000000000000074      0x2b9 ulib.o
 .debug_line    0x000000000000032d       0x4d usys.o
 .debug_line    0x000000000000037a      0x2e3 printf.o
 .debug_line    0x000000000000065d      0x22c umalloc.o

.debug_frame
 *(.debug_frame)

.debug_str      0x0000000000000000      0x264
 *(.debug_str)
 .debug_str     0x0000000000000000      0x145 kill.o
                                        0x157 (size before relaxing)
 .debug_str     0x0000000000000145       0x82 ulib.o
                                        0x1b7 (size before relaxing)
 .debug_str     0x00000000000001c7       0x13 usys.o
                                         0x2b (size before relaxing)
 .debug_str     0x00000000000001da       0x2f printf.o
                                        0x166 (size before relaxing)
 .debug_str     0x0000000000000209       0x5b umalloc.o
                                        0x195 (size before relaxing)

.debug_loc      0x0000000000000000      0xb01
 *(.debug_loc)
 .debug_loc     0x0000000000000000       0x48 kill.o
 .debug_loc     0x0000000000000048      0x3aa ulib.o
 .debug_loc     0x00000000000003f2      0x4de printf.o
 .debug_loc     0x00000000000008d0      0x231 umalloc.o

.debug_macinfo
 *(.debug_macinfo)

.debug_weaknames
 *(.debug_weaknames)

.debug_funcnames
 *(.debug_funcnames)

.debug_typenames
 *(.debug_typenames)

.debug_varnames
 *(.debug_varnames)

.debug_pubtypes
 *(.debug_pubtypes)

.debug_ranges   0x0000000000000000       0x80
 *(.debug_ranges)
 .debug_ranges  0x0000000000000000       0x10 kill.o
 .debug_ranges  0x0000000000000010       0x58 printf.o
 .debug_ranges  0x0000000000000068       0x18 umalloc.o

.debug_macro
 *(.debug_macro)

.debug_addr
 *(.debug_addr)

.gnu.attributes
 *(.gnu.attributes)

/DISCARD/
 *(.note.GNU-stack)
 *(.gnu_debuglink)
 *(.gnu.lto_*)
OUTPUT(_kill elf32-i386)
