
Merging program properties

Removed property 0xc0000002 to merge ls.o (0x3) and usys.o (not found)
Removed property 0xc0000002 to merge ls.o (not found) and printf.o (0x3)
Removed property 0xc0000002 to merge ls.o (not found) and umalloc.o (0x3)

Discarded input sections

 .note.GNU-stack
                0x0000000000000000        0x0 ls.o
 .note.gnu.property
                0x0000000000000000       0x1c ls.o
 .note.GNU-stack
                0x0000000000000000        0x0 ulib.o
 .note.gnu.property
                0x0000000000000000       0x1c ulib.o
 .note.GNU-stack
                0x0000000000000000        0x0 printf.o
 .note.gnu.property
                0x0000000000000000       0x1c printf.o
 .note.GNU-stack
                0x0000000000000000        0x0 umalloc.o
 .note.gnu.property
                0x0000000000000000       0x1c umalloc.o

Memory Configuration

Name             Origin             Length             Attributes
*default*        0x0000000000000000 0xffffffffffffffff

Linker script and memory map

Address of section .text set to 0x1000
LOAD ls.o
LOAD ulib.o
LOAD usys.o
LOAD printf.o
LOAD umalloc.o
                [!provide]                        PROVIDE (__executable_start = SEGMENT_START ("text-segment", 0x8048000))
                0x0000000008048074                . = (SEGMENT_START ("text-segment", 0x8048000) + SIZEOF_HEADERS)

.interp
 *(.interp)

.note.gnu.build-id
 *(.note.gnu.build-id)

.hash
 *(.hash)

.gnu.hash
 *(.gnu.hash)

.dynsym
 *(.dynsym)

.dynstr
 *(.dynstr)

.gnu.version
 *(.gnu.version)

.gnu.version_d
 *(.gnu.version_d)

.gnu.version_r
 *(.gnu.version_r)

.rel.init
 *(.rel.init)

.rel.text
 *(.rel.text .rel.text.* .rel.gnu.linkonce.t.*)

.rel.fini
 *(.rel.fini)

.rel.rodata
 *(.rel.rodata .rel.rodata.* .rel.gnu.linkonce.r.*)

.rel.data.rel.ro
 *(.rel.data.rel.ro .rel.data.rel.ro.* .rel.gnu.linkonce.d.rel.ro.*)

.rel.data
 *(.rel.data .rel.data.* .rel.gnu.linkonce.d.*)

.rel.tdata
 *(.rel.tdata .rel.tdata.* .rel.gnu.linkonce.td.*)

.rel.tbss
 *(.rel.tbss .rel.tbss.* .rel.gnu.linkonce.tb.*)

.rel.ctors
 *(.rel.ctors)

.rel.dtors
 *(.rel.dtors)

.rel.got        0x0000000008048074        0x0
 *(.rel.got)
 .rel.got       0x0000000008048074        0x0 ls.o

.rel.bss
 *(.rel.bss .rel.bss.* .rel.gnu.linkonce.b.*)

.rel.ifunc
 *(.rel.ifunc)

.rel.plt        0x0000000008048074        0x0
 *(.rel.plt)
                [!provide]                        PROVIDE (__rel_iplt_start = .)
 *(.rel.iplt)
 .rel.iplt      0x0000000008048074        0x0 ls.o
                [!provide]                        PROVIDE (__rel_iplt_end = .)

.init
 *(SORT_NONE(.init))

.plt            0x0000000008048074        0x0
 *(.plt)
 *(.iplt)
 .iplt          0x0000000008048074        0x0 ls.o

.plt.got
 *(.plt.got)

.plt.sec
 *(.plt.sec)

.text           0x0000000000001000      0xa76
 *(.text.unlikely .text.*_unlikely .text.unlikely.*)
 *(.text.exit .text.exit.*)
 *(.text.startup .text.startup.*)
 .text.startup  0x0000000000001000       0x5b ls.o
                0x0000000000001000                main
 *(.text.hot .text.hot.*)
 *(SORT_BY_NAME(.text.sorted.*))
 *(.text .stub .text.* .gnu.linkonce.t.*)
 *fill*         0x000000000000105b        0x5 
 .text          0x0000000000001060      0x2e0 ls.o
                0x0000000000001060                fmtname
                0x0000000000001100                ls
 .text          0x0000000000001340      0x25b ulib.o
                0x0000000000001340                strcpy
                0x0000000000001370                strcmp
                0x00000000000013c0                strlen
                0x0000000000001400                memset
                0x0000000000001420                strchr
                0x0000000000001460                gets
                0x00000000000014e0                stat
                0x0000000000001530                atoi
                0x0000000000001570                memmove
 .text          0x000000000000159b       0xc0 usys.o
                0x000000000000159b                fork
                0x00000000000015a3                exit
                0x00000000000015ab                wait
                0x00000000000015b3                pipe
                0x00000000000015bb                read
                0x00000000000015c3                write
                0x00000000000015cb                close
                0x00000000000015d3                kill
                0x00000000000015db                exec
                0x00000000000015e3                open
                0x00000000000015eb                mknod
                0x00000000000015f3                unlink
                0x00000000000015fb                fstat
                0x0000000000001603                link
                0x000000000000160b                mkdir
                0x0000000000001613                chdir
                0x000000000000161b                dup
                0x0000000000001623                getpid
                0x000000000000162b                sbrk
                0x0000000000001633                sleep
                0x000000000000163b                uptime
                0x0000000000001643                getyear
                0x000000000000164b                mprotect
                0x0000000000001653                munprotect
 *fill*         0x000000000000165b        0x5 
 .text          0x0000000000001660      0x276 printf.o
                0x0000000000001710                printf
 *fill*         0x00000000000018d6        0xa 
 .text          0x00000000000018e0      0x196 umalloc.o
                0x00000000000018e0                free
                0x0000000000001970                malloc
 *(.gnu.warning)

.fini
 *(SORT_NONE(.fini))
                [!provide]                        PROVIDE (__etext = .)
                [!provide]                        PROVIDE (_etext = .)
                [!provide]                        PROVIDE (etext = .)

.rodata         0x0000000000001a78       0x65
 *(.rodata .rodata.* .gnu.linkonce.r.*)
 .rodata.str1.1
                0x0000000000001a78       0x4a ls.o
 .rodata.str1.1
                0x0000000000001ac2        0x7 printf.o
 *fill*         0x0000000000001ac9        0x3 
 .rodata        0x0000000000001acc       0x11 printf.o

.rodata1
 *(.rodata1)

.eh_frame_hdr
 *(.eh_frame_hdr)
 *(.eh_frame_entry .eh_frame_entry.*)

.eh_frame       0x0000000000001ae0      0x314
 *(.eh_frame)
 .eh_frame      0x0000000000001ae0       0xbc ls.o
 .eh_frame      0x0000000000001b9c      0x17c ulib.o
                                        0x194 (size before relaxing)
 .eh_frame      0x0000000000001d18       0x60 printf.o
                                         0x78 (size before relaxing)
 .eh_frame      0x0000000000001d78       0x7c umalloc.o
                                         0x94 (size before relaxing)
 *(.eh_frame.*)

.gcc_except_table
 *(.gcc_except_table .gcc_except_table.*)

.gnu_extab
 *(.gnu_extab*)

.exception_ranges
 *(.exception_ranges*)
                0x0000000000001df4                . = .

.eh_frame
 *(.eh_frame)
 *(.eh_frame.*)

.gnu_extab
 *(.gnu_extab)

.gcc_except_table
 *(.gcc_except_table .gcc_except_table.*)

.exception_ranges
 *(.exception_ranges*)

.tdata          0x0000000000001df4        0x0
                [!provide]                        PROVIDE (__tdata_start = .)
 *(.tdata .tdata.* .gnu.linkonce.td.*)

.tbss
 *(.tbss .tbss.* .gnu.linkonce.tb.*)
 *(.tcommon)

.preinit_array  0x0000000000001df4        0x0
                [!provide]                        PROVIDE (__preinit_array_start = .)
 *(.preinit_array)
                [!provide]                        PROVIDE (__preinit_array_end = .)

.init_array     0x0000000000001df4        0x0
                [!provide]                        PROVIDE (__init_array_start = .)
 *(SORT_BY_INIT_PRIORITY(.init_array.*) SORT_BY_INIT_PRIORITY(.ctors.*))
 *(.init_array EXCLUDE_FILE(*crtend?.o *crtend.o *crtbegin?.o *crtbegin.o) .ctors)
                [!provide]                        PROVIDE (__init_array_end = .)

.fini_array     0x0000000000001df4        0x0
                [!provide]                        PROVIDE (__fini_array_start = .)
 *(SORT_BY_INIT_PRIORITY(.fini_array.*) SORT_BY_INIT_PRIORITY(.dtors.*))
 *(.fini_array EXCLUDE_FILE(*crtend?.o *crtend.o *crtbegin?.o *crtbegin.o) .dtors)
                [!provide]                        PROVIDE (__fini_array_end = .)

.ctors
 *crtbegin.o(.ctors)
 *crtbegin?.o(.ctors)
 *(EXCLUDE_FILE(*crtend?.o *crtend.o) .ctors)
 *(SORT_BY_NAME(.ctors.*))
 *(.ctors)

.dtors
 *crtbegin.o(.dtors)
 *crtbegin?.o(.dtors)
 *(EXCLUDE_FILE(*crtend?.o *crtend.o) .dtors)
 *(SORT_BY_NAME(.dtors.*))
 *(.dtors)

.jcr
 *(.jcr)

.data.rel.ro
 *(.data.rel.ro.local* .gnu.linkonce.d.rel.ro.local.*)
 *(.data.rel.ro .data.rel.ro.* .gnu.linkonce.d.rel.ro.*)

.dynamic
 *(.dynamic)

.got            0x0000000000001df4        0x0
 *(.got)
 .got           0x0000000000001df4        0x0 ls.o
 *(.igot)

.got.plt        0x0000000000001df4        0x0
 *(.got.plt)
 .got.plt       0x0000000000001df4        0x0 ls.o
 *(.igot.plt)
 .igot.plt      0x0000000000001df4        0x0 ls.o

.data           0x0000000000001df4        0x0
 *(.data .data.* .gnu.linkonce.d.*)
 .data          0x0000000000001df4        0x0 ls.o
 .data          0x0000000000001df4        0x0 ulib.o
 .data          0x0000000000001df4        0x0 usys.o
 .data          0x0000000000001df4        0x0 printf.o
 .data          0x0000000000001df4        0x0 umalloc.o

.data1
 *(.data1)
                0x0000000000001df4                _edata = .
                [!provide]                        PROVIDE (edata = .)
                0x0000000000001df4                . = .
                0x0000000000001df4                __bss_start = .

.bss            0x0000000000001df4       0x1c
 *(.dynbss)
 *(.bss .bss.* .gnu.linkonce.b.*)
 .bss           0x0000000000001df4        0xf ls.o
 .bss           0x0000000000001e03        0x0 ulib.o
 .bss           0x0000000000001e03        0x0 usys.o
 .bss           0x0000000000001e03        0x0 printf.o
 *fill*         0x0000000000001e03        0x1 
 .bss           0x0000000000001e04        0xc umalloc.o
 *(COMMON)
                0x0000000000001e10                . = ALIGN ((. != 0x0)?0x4:0x1)
                0x0000000000001e10                . = ALIGN (0x4)
                0x0000000000001e10                . = SEGMENT_START ("ldata-segment", .)
                0x0000000000001e10                . = ALIGN (0x4)
                0x0000000000001e10                _end = .
                [!provide]                        PROVIDE (end = .)

.stab
 *(.stab)

.stabstr
 *(.stabstr)

.stab.excl
 *(.stab.excl)

.stab.exclstr
 *(.stab.exclstr)

.stab.index
 *(.stab.index)

.stab.indexstr
 *(.stab.indexstr)

.comment        0x0000000000000000       0x2b
 *(.comment)
 .comment       0x0000000000000000       0x2b ls.o
                                         0x2c (size before relaxing)
 .comment       0x000000000000002b       0x2c ulib.o
 .comment       0x000000000000002b       0x2c printf.o
 .comment       0x000000000000002b       0x2c umalloc.o

.gnu.build.attributes
 *(.gnu.build.attributes .gnu.build.attributes.*)

.debug
 *(.debug)

.line
 *(.line)

.debug_srcinfo
 *(.debug_srcinfo)

.debug_sfnames
 *(.debug_sfnames)

.debug_aranges  0x0000000000000000       0xa8
 *(.debug_aranges)
 .debug_aranges
                0x0000000000000000       0x28 ls.o
 .debug_aranges
                0x0000000000000028       0x20 ulib.o
 .debug_aranges
                0x0000000000000048       0x20 usys.o
 .debug_aranges
                0x0000000000000068       0x20 printf.o
 .debug_aranges
                0x0000000000000088       0x20 umalloc.o

.debug_pubnames
 *(.debug_pubnames)

.debug_info     0x0000000000000000      0xe38
 *(.debug_info .gnu.linkonce.wi.*)
 .debug_info    0x0000000000000000      0x3b8 ls.o
 .debug_info    0x00000000000003b8      0x46a ulib.o
 .debug_info    0x0000000000000822       0x26 usys.o
 .debug_info    0x0000000000000848      0x3b5 printf.o
 .debug_info    0x0000000000000bfd      0x23b umalloc.o

.debug_abbrev   0x0000000000000000      0x651
 *(.debug_abbrev)
 .debug_abbrev  0x0000000000000000      0x141 ls.o
 .debug_abbrev  0x0000000000000141      0x186 ulib.o
 .debug_abbrev  0x00000000000002c7       0x14 usys.o
 .debug_abbrev  0x00000000000002db      0x1c0 printf.o
 .debug_abbrev  0x000000000000049b      0x1b6 umalloc.o

.debug_line     0x0000000000000000      0xa0d
 *(.debug_line .debug_line.* .debug_line_end)
 .debug_line    0x0000000000000000      0x1f8 ls.o
 .debug_line    0x00000000000001f8      0x2b9 ulib.o
 .debug_line    0x00000000000004b1       0x4d usys.o
 .debug_line    0x00000000000004fe      0x2e3 printf.o
 .debug_line    0x00000000000007e1      0x22c umalloc.o

.debug_frame
 *(.debug_frame)

.debug_str      0x0000000000000000      0x27d
 *(.debug_str)
 .debug_str     0x0000000000000000      0x1a1 ls.o
                                        0x1bd (size before relaxing)
 .debug_str     0x00000000000001a1       0x3f ulib.o
                                        0x1b7 (size before relaxing)
 .debug_str     0x00000000000001e0       0x13 usys.o
                                         0x2b (size before relaxing)
 .debug_str     0x00000000000001f3       0x2f printf.o
                                        0x166 (size before relaxing)
 .debug_str     0x0000000000000222       0x5b umalloc.o
                                        0x195 (size before relaxing)

.debug_loc      0x0000000000000000      0xbe6
 *(.debug_loc)
 .debug_loc     0x0000000000000000      0x12d ls.o
 .debug_loc     0x000000000000012d      0x3aa ulib.o
 .debug_loc     0x00000000000004d7      0x4de printf.o
 .debug_loc     0x00000000000009b5      0x231 umalloc.o

.debug_macinfo
 *(.debug_macinfo)

.debug_weaknames
 *(.debug_weaknames)

.debug_funcnames
 *(.debug_funcnames)

.debug_typenames
 *(.debug_typenames)

.debug_varnames
 *(.debug_varnames)

.debug_pubtypes
 *(.debug_pubtypes)

.debug_ranges   0x0000000000000000       0x88
 *(.debug_ranges)
 .debug_ranges  0x0000000000000000       0x18 ls.o
 .debug_ranges  0x0000000000000018       0x58 printf.o
 .debug_ranges  0x0000000000000070       0x18 umalloc.o

.debug_macro
 *(.debug_macro)

.debug_addr
 *(.debug_addr)

.gnu.attributes
 *(.gnu.attributes)

/DISCARD/
 *(.note.GNU-stack)
 *(.gnu_debuglink)
 *(.gnu.lto_*)
OUTPUT(_ls elf32-i386)
