
Merging program properties

Removed property 0xc0000002 to merge rm.o (0x3) and usys.o (not found)
Removed property 0xc0000002 to merge rm.o (not found) and printf.o (0x3)
Removed property 0xc0000002 to merge rm.o (not found) and umalloc.o (0x3)

Discarded input sections

 .note.GNU-stack
                0x0000000000000000        0x0 rm.o
 .note.gnu.property
                0x0000000000000000       0x1c rm.o
 .note.GNU-stack
                0x0000000000000000        0x0 ulib.o
 .note.gnu.property
                0x0000000000000000       0x1c ulib.o
 .note.GNU-stack
                0x0000000000000000        0x0 printf.o
 .note.gnu.property
                0x0000000000000000       0x1c printf.o
 .note.GNU-stack
                0x0000000000000000        0x0 umalloc.o
 .note.gnu.property
                0x0000000000000000       0x1c umalloc.o

Memory Configuration

Name             Origin             Length             Attributes
*default*        0x0000000000000000 0xffffffffffffffff

Linker script and memory map

Address of section .text set to 0x1000
LOAD rm.o
LOAD ulib.o
LOAD usys.o
LOAD printf.o
LOAD umalloc.o
                [!provide]                        PROVIDE (__executable_start = SEGMENT_START ("text-segment", 0x8048000))
                0x0000000008048074                . = (SEGMENT_START ("text-segment", 0x8048000) + SIZEOF_HEADERS)

.interp
 *(.interp)

.note.gnu.build-id
 *(.note.gnu.build-id)

.hash
 *(.hash)

.gnu.hash
 *(.gnu.hash)

.dynsym
 *(.dynsym)

.dynstr
 *(.dynstr)

.gnu.version
 *(.gnu.version)

.gnu.version_d
 *(.gnu.version_d)

.gnu.version_r
 *(.gnu.version_r)

.rel.init
 *(.rel.init)

.rel.text
 *(.rel.text .rel.text.* .rel.gnu.linkonce.t.*)

.rel.fini
 *(.rel.fini)

.rel.rodata
 *(.rel.rodata .rel.rodata.* .rel.gnu.linkonce.r.*)

.rel.data.rel.ro
 *(.rel.data.rel.ro .rel.data.rel.ro.* .rel.gnu.linkonce.d.rel.ro.*)

.rel.data
 *(.rel.data .rel.data.* .rel.gnu.linkonce.d.*)

.rel.tdata
 *(.rel.tdata .rel.tdata.* .rel.gnu.linkonce.td.*)

.rel.tbss
 *(.rel.tbss .rel.tbss.* .rel.gnu.linkonce.tb.*)

.rel.ctors
 *(.rel.ctors)

.rel.dtors
 *(.rel.dtors)

.rel.got        0x0000000008048074        0x0
 *(.rel.got)
 .rel.got       0x0000000008048074        0x0 rm.o

.rel.bss
 *(.rel.bss .rel.bss.* .rel.gnu.linkonce.b.*)

.rel.ifunc
 *(.rel.ifunc)

.rel.plt        0x0000000008048074        0x0
 *(.rel.plt)
                [!provide]                        PROVIDE (__rel_iplt_start = .)
 *(.rel.iplt)
 .rel.iplt      0x0000000008048074        0x0 rm.o
                [!provide]                        PROVIDE (__rel_iplt_end = .)

.init
 *(SORT_NONE(.init))

.plt            0x0000000008048074        0x0
 *(.plt)
 *(.iplt)
 .iplt          0x0000000008048074        0x0 rm.o

.plt.got
 *(.plt.got)

.plt.sec
 *(.plt.sec)

.text           0x0000000000001000      0x7b6
 *(.text.unlikely .text.*_unlikely .text.unlikely.*)
 *(.text.exit .text.exit.*)
 *(.text.startup .text.startup.*)
 .text.startup  0x0000000000001000       0x77 rm.o
                0x0000000000001000                main
 *(.text.hot .text.hot.*)
 *(SORT_BY_NAME(.text.sorted.*))
 *(.text .stub .text.* .gnu.linkonce.t.*)
 .text          0x0000000000001077        0x0 rm.o
 *fill*         0x0000000000001077        0x9 
 .text          0x0000000000001080      0x25b ulib.o
                0x0000000000001080                strcpy
                0x00000000000010b0                strcmp
                0x0000000000001100                strlen
                0x0000000000001140                memset
                0x0000000000001160                strchr
                0x00000000000011a0                gets
                0x0000000000001220                stat
                0x0000000000001270                atoi
                0x00000000000012b0                memmove
 .text          0x00000000000012db       0xc0 usys.o
                0x00000000000012db                fork
                0x00000000000012e3                exit
                0x00000000000012eb                wait
                0x00000000000012f3                pipe
                0x00000000000012fb                read
                0x0000000000001303                write
                0x000000000000130b                close
                0x0000000000001313                kill
                0x000000000000131b                exec
                0x0000000000001323                open
                0x000000000000132b                mknod
                0x0000000000001333                unlink
                0x000000000000133b                fstat
                0x0000000000001343                link
                0x000000000000134b                mkdir
                0x0000000000001353                chdir
                0x000000000000135b                dup
                0x0000000000001363                getpid
                0x000000000000136b                sbrk
                0x0000000000001373                sleep
                0x000000000000137b                uptime
                0x0000000000001383                getyear
                0x000000000000138b                mprotect
                0x0000000000001393                munprotect
 *fill*         0x000000000000139b        0x5 
 .text          0x00000000000013a0      0x276 printf.o
                0x0000000000001450                printf
 *fill*         0x0000000000001616        0xa 
 .text          0x0000000000001620      0x196 umalloc.o
                0x0000000000001620                free
                0x00000000000016b0                malloc
 *(.gnu.warning)

.fini
 *(SORT_NONE(.fini))
                [!provide]                        PROVIDE (__etext = .)
                [!provide]                        PROVIDE (_etext = .)
                [!provide]                        PROVIDE (etext = .)

.rodata         0x00000000000017b8       0x45
 *(.rodata .rodata.* .gnu.linkonce.r.*)
 .rodata.str1.1
                0x00000000000017b8       0x2d rm.o
 .rodata.str1.1
                0x00000000000017e5        0x7 printf.o
 .rodata        0x00000000000017ec       0x11 printf.o

.rodata1
 *(.rodata1)

.eh_frame_hdr
 *(.eh_frame_hdr)
 *(.eh_frame_entry .eh_frame_entry.*)

.eh_frame       0x0000000000001800      0x2a4
 *(.eh_frame)
 .eh_frame      0x0000000000001800       0x4c rm.o
 .eh_frame      0x000000000000184c      0x17c ulib.o
                                        0x194 (size before relaxing)
 .eh_frame      0x00000000000019c8       0x60 printf.o
                                         0x78 (size before relaxing)
 .eh_frame      0x0000000000001a28       0x7c umalloc.o
                                         0x94 (size before relaxing)
 *(.eh_frame.*)

.gcc_except_table
 *(.gcc_except_table .gcc_except_table.*)

.gnu_extab
 *(.gnu_extab*)

.exception_ranges
 *(.exception_ranges*)
                0x0000000000001aa4                . = .

.eh_frame
 *(.eh_frame)
 *(.eh_frame.*)

.gnu_extab
 *(.gnu_extab)

.gcc_except_table
 *(.gcc_except_table .gcc_except_table.*)

.exception_ranges
 *(.exception_ranges*)

.tdata          0x0000000000001aa4        0x0
                [!provide]                        PROVIDE (__tdata_start = .)
 *(.tdata .tdata.* .gnu.linkonce.td.*)

.tbss
 *(.tbss .tbss.* .gnu.linkonce.tb.*)
 *(.tcommon)

.preinit_array  0x0000000000001aa4        0x0
                [!provide]                        PROVIDE (__preinit_array_start = .)
 *(.preinit_array)
                [!provide]                        PROVIDE (__preinit_array_end = .)

.init_array     0x0000000000001aa4        0x0
                [!provide]                        PROVIDE (__init_array_start = .)
 *(SORT_BY_INIT_PRIORITY(.init_array.*) SORT_BY_INIT_PRIORITY(.ctors.*))
 *(.init_array EXCLUDE_FILE(*crtend?.o *crtend.o *crtbegin?.o *crtbegin.o) .ctors)
                [!provide]                        PROVIDE (__init_array_end = .)

.fini_array     0x0000000000001aa4        0x0
                [!provide]                        PROVIDE (__fini_array_start = .)
 *(SORT_BY_INIT_PRIORITY(.fini_array.*) SORT_BY_INIT_PRIORITY(.dtors.*))
 *(.fini_array EXCLUDE_FILE(*crtend?.o *crtend.o *crtbegin?.o *crtbegin.o) .dtors)
                [!provide]                        PROVIDE (__fini_array_end = .)

.ctors
 *crtbegin.o(.ctors)
 *crtbegin?.o(.ctors)
 *(EXCLUDE_FILE(*crtend?.o *crtend.o) .ctors)
 *(SORT_BY_NAME(.ctors.*))
 *(.ctors)

.dtors
 *crtbegin.o(.dtors)
 *crtbegin?.o(.dtors)
 *(EXCLUDE_FILE(*crtend?.o *crtend.o) .dtors)
 *(SORT_BY_NAME(.dtors.*))
 *(.dtors)

.jcr
 *(.jcr)

.data.rel.ro
 *(.data.rel.ro.local* .gnu.linkonce.d.rel.ro.local.*)
 *(.data.rel.ro .data.rel.ro.* .gnu.linkonce.d.rel.ro.*)

.dynamic
 *(.dynamic)

.got            0x0000000000001aa4        0x0
 *(.got)
 .got           0x0000000000001aa4        0x0 rm.o
 *(.igot)

.got.plt        0x0000000000001aa4        0x0
 *(.got.plt)
 .got.plt       0x0000000000001aa4        0x0 rm.o
 *(.igot.plt)
 .igot.plt      0x0000000000001aa4        0x0 rm.o

.data           0x0000000000001aa4        0x0
 *(.data .data.* .gnu.linkonce.d.*)
 .data          0x0000000000001aa4        0x0 rm.o
 .data          0x0000000000001aa4        0x0 ulib.o
 .data          0x0000000000001aa4        0x0 usys.o
 .data          0x0000000000001aa4        0x0 printf.o
 .data          0x0000000000001aa4        0x0 umalloc.o

.data1
 *(.data1)
                0x0000000000001aa4                _edata = .
                [!provide]                        PROVIDE (edata = .)
                0x0000000000001aa4                . = .
                0x0000000000001aa4                __bss_start = .

.bss            0x0000000000001aa4        0xc
 *(.dynbss)
 *(.bss .bss.* .gnu.linkonce.b.*)
 .bss           0x0000000000001aa4        0x0 rm.o
 .bss           0x0000000000001aa4        0x0 ulib.o
 .bss           0x0000000000001aa4        0x0 usys.o
 .bss           0x0000000000001aa4        0x0 printf.o
 .bss           0x0000000000001aa4        0xc umalloc.o
 *(COMMON)
                0x0000000000001ab0                . = ALIGN ((. != 0x0)?0x4:0x1)
                0x0000000000001ab0                . = ALIGN (0x4)
                0x0000000000001ab0                . = SEGMENT_START ("ldata-segment", .)
                0x0000000000001ab0                . = ALIGN (0x4)
                0x0000000000001ab0                _end = .
                [!provide]                        PROVIDE (end = .)

.stab
 *(.stab)

.stabstr
 *(.stabstr)

.stab.excl
 *(.stab.excl)

.stab.exclstr
 *(.stab.exclstr)

.stab.index
 *(.stab.index)

.stab.indexstr
 *(.stab.indexstr)

.comment        0x0000000000000000       0x2b
 *(.comment)
 .comment       0x0000000000000000       0x2b rm.o
                                         0x2c (size before relaxing)
 .comment       0x000000000000002b       0x2c ulib.o
 .comment       0x000000000000002b       0x2c printf.o
 .comment       0x000000000000002b       0x2c umalloc.o

.gnu.build.attributes
 *(.gnu.build.attributes .gnu.build.attributes.*)

.debug
 *(.debug)

.line
 *(.line)

.debug_srcinfo
 *(.debug_srcinfo)

.debug_sfnames
 *(.debug_sfnames)

.debug_aranges  0x0000000000000000       0xa0
 *(.debug_aranges)
 .debug_aranges
                0x0000000000000000       0x20 rm.o
 .debug_aranges
                0x0000000000000020       0x20 ulib.o
 .debug_aranges
                0x0000000000000040       0x20 usys.o
 .debug_aranges
                0x0000000000000060       0x20 printf.o
 .debug_aranges
                0x0000000000000080       0x20 umalloc.o

.debug_pubnames
 *(.debug_pubnames)

.debug_info     0x0000000000000000      0xb82
 *(.debug_info .gnu.linkonce.wi.*)
 .debug_info    0x0000000000000000      0x102 rm.o
 .debug_info    0x0000000000000102      0x46a ulib.o
 .debug_info    0x000000000000056c       0x26 usys.o
 .debug_info    0x0000000000000592      0x3b5 printf.o
 .debug_info    0x0000000000000947      0x23b umalloc.o

.debug_abbrev   0x0000000000000000      0x5a7
 *(.debug_abbrev)
 .debug_abbrev  0x0000000000000000       0x97 rm.o
 .debug_abbrev  0x0000000000000097      0x186 ulib.o
 .debug_abbrev  0x000000000000021d       0x14 usys.o
 .debug_abbrev  0x0000000000000231      0x1c0 printf.o
 .debug_abbrev  0x00000000000003f1      0x1b6 umalloc.o

.debug_line     0x0000000000000000      0x898
 *(.debug_line .debug_line.* .debug_line_end)
 .debug_line    0x0000000000000000       0x83 rm.o
 .debug_line    0x0000000000000083      0x2b9 ulib.o
 .debug_line    0x000000000000033c       0x4d usys.o
 .debug_line    0x0000000000000389      0x2e3 printf.o
 .debug_line    0x000000000000066c      0x22c umalloc.o

.debug_frame
 *(.debug_frame)

.debug_str      0x0000000000000000      0x25e
 *(.debug_str)
 .debug_str     0x0000000000000000      0x140 rm.o
                                        0x152 (size before relaxing)
 .debug_str     0x0000000000000140       0x81 ulib.o
                                        0x1b7 (size before relaxing)
 .debug_str     0x00000000000001c1       0x13 usys.o
                                         0x2b (size before relaxing)
 .debug_str     0x00000000000001d4       0x2f printf.o
                                        0x166 (size before relaxing)
 .debug_str     0x0000000000000203       0x5b umalloc.o
                                        0x195 (size before relaxing)

.debug_loc      0x0000000000000000      0xb16
 *(.debug_loc)
 .debug_loc     0x0000000000000000       0x5d rm.o
 .debug_loc     0x000000000000005d      0x3aa ulib.o
 .debug_loc     0x0000000000000407      0x4de printf.o
 .debug_loc     0x00000000000008e5      0x231 umalloc.o

.debug_macinfo
 *(.debug_macinfo)

.debug_weaknames
 *(.debug_weaknames)

.debug_funcnames
 *(.debug_funcnames)

.debug_typenames
 *(.debug_typenames)

.debug_varnames
 *(.debug_varnames)

.debug_pubtypes
 *(.debug_pubtypes)

.debug_ranges   0x0000000000000000       0x80
 *(.debug_ranges)
 .debug_ranges  0x0000000000000000       0x10 rm.o
 .debug_ranges  0x0000000000000010       0x58 printf.o
 .debug_ranges  0x0000000000000068       0x18 umalloc.o

.debug_macro
 *(.debug_macro)

.debug_addr
 *(.debug_addr)

.gnu.attributes
 *(.gnu.attributes)

/DISCARD/
 *(.note.GNU-stack)
 *(.gnu_debuglink)
 *(.gnu.lto_*)
OUTPUT(_rm elf32-i386)
