
Merging program properties

Removed property 0xc0000002 to merge test_year.o (0x3) and usys.o (not found)
Removed property 0xc0000002 to merge test_year.o (not found) and printf.o (0x3)
Removed property 0xc0000002 to merge test_year.o (not found) and umalloc.o (0x3)

Discarded input sections

 .note.GNU-stack
                0x0000000000000000        0x0 test_year.o
 .note.gnu.property
                0x0000000000000000       0x1c test_year.o
 .note.GNU-stack
                0x0000000000000000        0x0 ulib.o
 .note.gnu.property
                0x0000000000000000       0x1c ulib.o
 .note.GNU-stack
                0x0000000000000000        0x0 printf.o
 .note.gnu.property
                0x0000000000000000       0x1c printf.o
 .note.GNU-stack
                0x0000000000000000        0x0 umalloc.o
 .note.gnu.property
                0x0000000000000000       0x1c umalloc.o

Memory Configuration

Name             Origin             Length             Attributes
*default*        0x0000000000000000 0xffffffffffffffff

Linker script and memory map

Address of section .text set to 0x1000
LOAD test_year.o
LOAD ulib.o
LOAD usys.o
LOAD printf.o
LOAD umalloc.o
                [!provide]                        PROVIDE (__executable_start = SEGMENT_START ("text-segment", 0x8048000))
                0x0000000008048074                . = (SEGMENT_START ("text-segment", 0x8048000) + SIZEOF_HEADERS)

.interp
 *(.interp)

.note.gnu.build-id
 *(.note.gnu.build-id)

.hash
 *(.hash)

.gnu.hash
 *(.gnu.hash)

.dynsym
 *(.dynsym)

.dynstr
 *(.dynstr)

.gnu.version
 *(.gnu.version)

.gnu.version_d
 *(.gnu.version_d)

.gnu.version_r
 *(.gnu.version_r)

.rel.init
 *(.rel.init)

.rel.text
 *(.rel.text .rel.text.* .rel.gnu.linkonce.t.*)

.rel.fini
 *(.rel.fini)

.rel.rodata
 *(.rel.rodata .rel.rodata.* .rel.gnu.linkonce.r.*)

.rel.data.rel.ro
 *(.rel.data.rel.ro .rel.data.rel.ro.* .rel.gnu.linkonce.d.rel.ro.*)

.rel.data
 *(.rel.data .rel.data.* .rel.gnu.linkonce.d.*)

.rel.tdata
 *(.rel.tdata .rel.tdata.* .rel.gnu.linkonce.td.*)

.rel.tbss
 *(.rel.tbss .rel.tbss.* .rel.gnu.linkonce.tb.*)

.rel.ctors
 *(.rel.ctors)

.rel.dtors
 *(.rel.dtors)

.rel.got        0x0000000008048074        0x0
 *(.rel.got)
 .rel.got       0x0000000008048074        0x0 test_year.o

.rel.bss
 *(.rel.bss .rel.bss.* .rel.gnu.linkonce.b.*)

.rel.ifunc
 *(.rel.ifunc)

.rel.plt        0x0000000008048074        0x0
 *(.rel.plt)
                [!provide]                        PROVIDE (__rel_iplt_start = .)
 *(.rel.iplt)
 .rel.iplt      0x0000000008048074        0x0 test_year.o
                [!provide]                        PROVIDE (__rel_iplt_end = .)

.init
 *(SORT_NONE(.init))

.plt            0x0000000008048074        0x0
 *(.plt)
 *(.iplt)
 .iplt          0x0000000008048074        0x0 test_year.o

.plt.got
 *(.plt.got)

.plt.sec
 *(.plt.sec)

.text           0x0000000000001000      0x796
 *(.text.unlikely .text.*_unlikely .text.unlikely.*)
 *(.text.exit .text.exit.*)
 *(.text.startup .text.startup.*)
 .text.startup  0x0000000000001000       0x58 test_year.o
                0x0000000000001000                main
 *(.text.hot .text.hot.*)
 *(SORT_BY_NAME(.text.sorted.*))
 *(.text .stub .text.* .gnu.linkonce.t.*)
 .text          0x0000000000001058        0x0 test_year.o
 *fill*         0x0000000000001058        0x8 
 .text          0x0000000000001060      0x25b ulib.o
                0x0000000000001060                strcpy
                0x0000000000001090                strcmp
                0x00000000000010e0                strlen
                0x0000000000001120                memset
                0x0000000000001140                strchr
                0x0000000000001180                gets
                0x0000000000001200                stat
                0x0000000000001250                atoi
                0x0000000000001290                memmove
 .text          0x00000000000012bb       0xc0 usys.o
                0x00000000000012bb                fork
                0x00000000000012c3                exit
                0x00000000000012cb                wait
                0x00000000000012d3                pipe
                0x00000000000012db                read
                0x00000000000012e3                write
                0x00000000000012eb                close
                0x00000000000012f3                kill
                0x00000000000012fb                exec
                0x0000000000001303                open
                0x000000000000130b                mknod
                0x0000000000001313                unlink
                0x000000000000131b                fstat
                0x0000000000001323                link
                0x000000000000132b                mkdir
                0x0000000000001333                chdir
                0x000000000000133b                dup
                0x0000000000001343                getpid
                0x000000000000134b                sbrk
                0x0000000000001353                sleep
                0x000000000000135b                uptime
                0x0000000000001363                getyear
                0x000000000000136b                mprotect
                0x0000000000001373                munprotect
 *fill*         0x000000000000137b        0x5 
 .text          0x0000000000001380      0x276 printf.o
                0x0000000000001430                printf
 *fill*         0x00000000000015f6        0xa 
 .text          0x0000000000001600      0x196 umalloc.o
                0x0000000000001600                free
                0x0000000000001690                malloc
 *(.gnu.warning)

.fini
 *(SORT_NONE(.fini))
                [!provide]                        PROVIDE (__etext = .)
                [!provide]                        PROVIDE (_etext = .)
                [!provide]                        PROVIDE (etext = .)

.rodata         0x0000000000001798       0x69
 *(.rodata .rodata.* .gnu.linkonce.r.*)
 .rodata.str1.4
                0x0000000000001798       0x50 test_year.o
 .rodata.str1.1
                0x00000000000017e8        0x7 printf.o
 *fill*         0x00000000000017ef        0x1 
 .rodata        0x00000000000017f0       0x11 printf.o

.rodata1
 *(.rodata1)

.eh_frame_hdr
 *(.eh_frame_hdr)
 *(.eh_frame_entry .eh_frame_entry.*)

.eh_frame       0x0000000000001804      0x294
 *(.eh_frame)
 .eh_frame      0x0000000000001804       0x3c test_year.o
 .eh_frame      0x0000000000001840      0x17c ulib.o
                                        0x194 (size before relaxing)
 .eh_frame      0x00000000000019bc       0x60 printf.o
                                         0x78 (size before relaxing)
 .eh_frame      0x0000000000001a1c       0x7c umalloc.o
                                         0x94 (size before relaxing)
 *(.eh_frame.*)

.gcc_except_table
 *(.gcc_except_table .gcc_except_table.*)

.gnu_extab
 *(.gnu_extab*)

.exception_ranges
 *(.exception_ranges*)
                0x0000000000001a98                . = .

.eh_frame
 *(.eh_frame)
 *(.eh_frame.*)

.gnu_extab
 *(.gnu_extab)

.gcc_except_table
 *(.gcc_except_table .gcc_except_table.*)

.exception_ranges
 *(.exception_ranges*)

.tdata          0x0000000000001a98        0x0
                [!provide]                        PROVIDE (__tdata_start = .)
 *(.tdata .tdata.* .gnu.linkonce.td.*)

.tbss
 *(.tbss .tbss.* .gnu.linkonce.tb.*)
 *(.tcommon)

.preinit_array  0x0000000000001a98        0x0
                [!provide]                        PROVIDE (__preinit_array_start = .)
 *(.preinit_array)
                [!provide]                        PROVIDE (__preinit_array_end = .)

.init_array     0x0000000000001a98        0x0
                [!provide]                        PROVIDE (__init_array_start = .)
 *(SORT_BY_INIT_PRIORITY(.init_array.*) SORT_BY_INIT_PRIORITY(.ctors.*))
 *(.init_array EXCLUDE_FILE(*crtend?.o *crtend.o *crtbegin?.o *crtbegin.o) .ctors)
                [!provide]                        PROVIDE (__init_array_end = .)

.fini_array     0x0000000000001a98        0x0
                [!provide]                        PROVIDE (__fini_array_start = .)
 *(SORT_BY_INIT_PRIORITY(.fini_array.*) SORT_BY_INIT_PRIORITY(.dtors.*))
 *(.fini_array EXCLUDE_FILE(*crtend?.o *crtend.o *crtbegin?.o *crtbegin.o) .dtors)
                [!provide]                        PROVIDE (__fini_array_end = .)

.ctors
 *crtbegin.o(.ctors)
 *crtbegin?.o(.ctors)
 *(EXCLUDE_FILE(*crtend?.o *crtend.o) .ctors)
 *(SORT_BY_NAME(.ctors.*))
 *(.ctors)

.dtors
 *crtbegin.o(.dtors)
 *crtbegin?.o(.dtors)
 *(EXCLUDE_FILE(*crtend?.o *crtend.o) .dtors)
 *(SORT_BY_NAME(.dtors.*))
 *(.dtors)

.jcr
 *(.jcr)

.data.rel.ro
 *(.data.rel.ro.local* .gnu.linkonce.d.rel.ro.local.*)
 *(.data.rel.ro .data.rel.ro.* .gnu.linkonce.d.rel.ro.*)

.dynamic
 *(.dynamic)

.got            0x0000000000001a98        0x0
 *(.got)
 .got           0x0000000000001a98        0x0 test_year.o
 *(.igot)

.got.plt        0x0000000000001a98        0x0
 *(.got.plt)
 .got.plt       0x0000000000001a98        0x0 test_year.o
 *(.igot.plt)
 .igot.plt      0x0000000000001a98        0x0 test_year.o

.data           0x0000000000001a98        0x0
 *(.data .data.* .gnu.linkonce.d.*)
 .data          0x0000000000001a98        0x0 test_year.o
 .data          0x0000000000001a98        0x0 ulib.o
 .data          0x0000000000001a98        0x0 usys.o
 .data          0x0000000000001a98        0x0 printf.o
 .data          0x0000000000001a98        0x0 umalloc.o

.data1
 *(.data1)
                0x0000000000001a98                _edata = .
                [!provide]                        PROVIDE (edata = .)
                0x0000000000001a98                . = .
                0x0000000000001a98                __bss_start = .

.bss            0x0000000000001a98        0xc
 *(.dynbss)
 *(.bss .bss.* .gnu.linkonce.b.*)
 .bss           0x0000000000001a98        0x0 test_year.o
 .bss           0x0000000000001a98        0x0 ulib.o
 .bss           0x0000000000001a98        0x0 usys.o
 .bss           0x0000000000001a98        0x0 printf.o
 .bss           0x0000000000001a98        0xc umalloc.o
 *(COMMON)
                0x0000000000001aa4                . = ALIGN ((. != 0x0)?0x4:0x1)
                0x0000000000001aa4                . = ALIGN (0x4)
                0x0000000000001aa4                . = SEGMENT_START ("ldata-segment", .)
                0x0000000000001aa4                . = ALIGN (0x4)
                0x0000000000001aa4                _end = .
                [!provide]                        PROVIDE (end = .)

.stab
 *(.stab)

.stabstr
 *(.stabstr)

.stab.excl
 *(.stab.excl)

.stab.exclstr
 *(.stab.exclstr)

.stab.index
 *(.stab.index)

.stab.indexstr
 *(.stab.indexstr)

.comment        0x0000000000000000       0x2b
 *(.comment)
 .comment       0x0000000000000000       0x2b test_year.o
                                         0x2c (size before relaxing)
 .comment       0x000000000000002b       0x2c ulib.o
 .comment       0x000000000000002b       0x2c printf.o
 .comment       0x000000000000002b       0x2c umalloc.o

.gnu.build.attributes
 *(.gnu.build.attributes .gnu.build.attributes.*)

.debug
 *(.debug)

.line
 *(.line)

.debug_srcinfo
 *(.debug_srcinfo)

.debug_sfnames
 *(.debug_sfnames)

.debug_aranges  0x0000000000000000       0xa0
 *(.debug_aranges)
 .debug_aranges
                0x0000000000000000       0x20 test_year.o
 .debug_aranges
                0x0000000000000020       0x20 ulib.o
 .debug_aranges
                0x0000000000000040       0x20 usys.o
 .debug_aranges
                0x0000000000000060       0x20 printf.o
 .debug_aranges
                0x0000000000000080       0x20 umalloc.o

.debug_pubnames
 *(.debug_pubnames)

.debug_info     0x0000000000000000      0xb77
 *(.debug_info .gnu.linkonce.wi.*)
 .debug_info    0x0000000000000000       0xf7 test_year.o
 .debug_info    0x00000000000000f7      0x46a ulib.o
 .debug_info    0x0000000000000561       0x26 usys.o
 .debug_info    0x0000000000000587      0x3b5 printf.o
 .debug_info    0x000000000000093c      0x23b umalloc.o

.debug_abbrev   0x0000000000000000      0x593
 *(.debug_abbrev)
 .debug_abbrev  0x0000000000000000       0x83 test_year.o
 .debug_abbrev  0x0000000000000083      0x186 ulib.o
 .debug_abbrev  0x0000000000000209       0x14 usys.o
 .debug_abbrev  0x000000000000021d      0x1c0 printf.o
 .debug_abbrev  0x00000000000003dd      0x1b6 umalloc.o

.debug_line     0x0000000000000000      0x878
 *(.debug_line .debug_line.* .debug_line_end)
 .debug_line    0x0000000000000000       0x63 test_year.o
 .debug_line    0x0000000000000063      0x2b9 ulib.o
 .debug_line    0x000000000000031c       0x4d usys.o
 .debug_line    0x0000000000000369      0x2e3 printf.o
 .debug_line    0x000000000000064c      0x22c umalloc.o

.debug_frame
 *(.debug_frame)

.debug_str      0x0000000000000000      0x271
 *(.debug_str)
 .debug_str     0x0000000000000000      0x152 test_year.o
                                        0x164 (size before relaxing)
 .debug_str     0x0000000000000152       0x87 ulib.o
                                        0x1b7 (size before relaxing)
 .debug_str     0x00000000000001d9       0x13 usys.o
                                         0x2b (size before relaxing)
 .debug_str     0x00000000000001ec       0x2f printf.o
                                        0x166 (size before relaxing)
 .debug_str     0x000000000000021b       0x56 umalloc.o
                                        0x195 (size before relaxing)

.debug_loc      0x0000000000000000      0xace
 *(.debug_loc)
 .debug_loc     0x0000000000000000       0x15 test_year.o
 .debug_loc     0x0000000000000015      0x3aa ulib.o
 .debug_loc     0x00000000000003bf      0x4de printf.o
 .debug_loc     0x000000000000089d      0x231 umalloc.o

.debug_macinfo
 *(.debug_macinfo)

.debug_weaknames
 *(.debug_weaknames)

.debug_funcnames
 *(.debug_funcnames)

.debug_typenames
 *(.debug_typenames)

.debug_varnames
 *(.debug_varnames)

.debug_pubtypes
 *(.debug_pubtypes)

.debug_ranges   0x0000000000000000       0x80
 *(.debug_ranges)
 .debug_ranges  0x0000000000000000       0x10 test_year.o
 .debug_ranges  0x0000000000000010       0x58 printf.o
 .debug_ranges  0x0000000000000068       0x18 umalloc.o

.debug_macro
 *(.debug_macro)

.debug_addr
 *(.debug_addr)

.gnu.attributes
 *(.gnu.attributes)

/DISCARD/
 *(.note.GNU-stack)
 *(.gnu_debuglink)
 *(.gnu.lto_*)
OUTPUT(_test_year elf32-i386)
