
Merging program properties

Removed property 0xc0000002 to merge usertests.o (0x3) and usys.o (not found)
Removed property 0xc0000002 to merge usertests.o (not found) and printf.o (0x3)
Removed property 0xc0000002 to merge usertests.o (not found) and umalloc.o (0x3)

Allocating common symbols
Common symbol       size              file

uninit              0x2710            usertests.o
buf                 0x2000            usertests.o
name                0x3               usertests.o

Discarded input sections

 .note.GNU-stack
                0x0000000000000000        0x0 usertests.o
 .note.gnu.property
                0x0000000000000000       0x1c usertests.o
 .note.GNU-stack
                0x0000000000000000        0x0 ulib.o
 .note.gnu.property
                0x0000000000000000       0x1c ulib.o
 .note.GNU-stack
                0x0000000000000000        0x0 printf.o
 .note.gnu.property
                0x0000000000000000       0x1c printf.o
 .note.GNU-stack
                0x0000000000000000        0x0 umalloc.o
 .note.gnu.property
                0x0000000000000000       0x1c umalloc.o

Memory Configuration

Name             Origin             Length             Attributes
*default*        0x0000000000000000 0xffffffffffffffff

Linker script and memory map

Address of section .text set to 0x1000
LOAD usertests.o
LOAD ulib.o
LOAD usys.o
LOAD printf.o
LOAD umalloc.o
                [!provide]                        PROVIDE (__executable_start = SEGMENT_START ("text-segment", 0x8048000))
                0x0000000008048074                . = (SEGMENT_START ("text-segment", 0x8048000) + SIZEOF_HEADERS)

.interp
 *(.interp)

.note.gnu.build-id
 *(.note.gnu.build-id)

.hash
 *(.hash)

.gnu.hash
 *(.gnu.hash)

.dynsym
 *(.dynsym)

.dynstr
 *(.dynstr)

.gnu.version
 *(.gnu.version)

.gnu.version_d
 *(.gnu.version_d)

.gnu.version_r
 *(.gnu.version_r)

.rel.init
 *(.rel.init)

.rel.text       0x0000000008048074        0x0
 *(.rel.text .rel.text.* .rel.gnu.linkonce.t.*)
 .rel.text      0x0000000008048074        0x0 usertests.o

.rel.fini
 *(.rel.fini)

.rel.rodata
 *(.rel.rodata .rel.rodata.* .rel.gnu.linkonce.r.*)

.rel.data.rel.ro
 *(.rel.data.rel.ro .rel.data.rel.ro.* .rel.gnu.linkonce.d.rel.ro.*)

.rel.data
 *(.rel.data .rel.data.* .rel.gnu.linkonce.d.*)

.rel.tdata
 *(.rel.tdata .rel.tdata.* .rel.gnu.linkonce.td.*)

.rel.tbss
 *(.rel.tbss .rel.tbss.* .rel.gnu.linkonce.tb.*)

.rel.ctors
 *(.rel.ctors)

.rel.dtors
 *(.rel.dtors)

.rel.got        0x0000000008048074        0x0
 *(.rel.got)
 .rel.got       0x0000000008048074        0x0 usertests.o

.rel.bss
 *(.rel.bss .rel.bss.* .rel.gnu.linkonce.b.*)

.rel.ifunc
 *(.rel.ifunc)

.rel.plt        0x0000000008048074        0x0
 *(.rel.plt)
                [!provide]                        PROVIDE (__rel_iplt_start = .)
 *(.rel.iplt)
 .rel.iplt      0x0000000008048074        0x0 usertests.o
                [!provide]                        PROVIDE (__rel_iplt_end = .)

.init
 *(SORT_NONE(.init))

.plt            0x0000000008048074        0x0
 *(.plt)
 *(.iplt)
 .iplt          0x0000000008048074        0x0 usertests.o

.plt.got
 *(.plt.got)

.plt.sec
 *(.plt.sec)

.text           0x0000000000001000     0x3e56
 *(.text.unlikely .text.*_unlikely .text.unlikely.*)
 *(.text.exit .text.exit.*)
 *(.text.startup .text.startup.*)
 .text.startup  0x0000000000001000      0x116 usertests.o
                0x0000000000001000                main
 *(.text.hot .text.hot.*)
 *(SORT_BY_NAME(.text.sorted.*))
 *(.text .stub .text.* .gnu.linkonce.t.*)
 *fill*         0x0000000000001116        0xa 
 .text          0x0000000000001120     0x35f9 usertests.o
                0x0000000000001120                iputtest
                0x0000000000001210                exitiputtest
                0x0000000000001310                openiputtest
                0x0000000000001410                opentest
                0x00000000000014b0                writetest
                0x0000000000001690                writetest1
                0x0000000000001860                createtest
                0x0000000000001920                dirtest
                0x0000000000001a10                exectest
                0x0000000000001a60                pipe1
                0x0000000000001c00                preempt
                0x0000000000001d60                exitwait
                0x0000000000001de0                mem
                0x0000000000001eb0                sharedfd
                0x0000000000002070                fourfiles
                0x0000000000002270                createdelete
                0x00000000000024a0                unlinkread
                0x0000000000002630                linktest
                0x0000000000002850                concreate
                0x0000000000002b50                linkunlink
                0x0000000000002c60                bigdir
                0x0000000000002da0                subdir
                0x0000000000003490                bigwrite
                0x0000000000003570                bigfile
                0x0000000000003740                fourteen
                0x0000000000003880                rmdot
                0x0000000000003a00                dirfile
                0x0000000000003c00                iref
                0x0000000000003d20                forktest
                0x0000000000003dd0                sbrktest
                0x00000000000041f0                validateint
                0x0000000000004200                validatetest
                0x00000000000042c0                bsstest
                0x0000000000004330                bigargtest
                0x0000000000004430                fsfull
                0x0000000000004610                uio
                0x0000000000004690                argptest
                0x0000000000004700                rand
 *fill*         0x0000000000004719        0x7 
 .text          0x0000000000004720      0x25b ulib.o
                0x0000000000004720                strcpy
                0x0000000000004750                strcmp
                0x00000000000047a0                strlen
                0x00000000000047e0                memset
                0x0000000000004800                strchr
                0x0000000000004840                gets
                0x00000000000048c0                stat
                0x0000000000004910                atoi
                0x0000000000004950                memmove
 .text          0x000000000000497b       0xc0 usys.o
                0x000000000000497b                fork
                0x0000000000004983                exit
                0x000000000000498b                wait
                0x0000000000004993                pipe
                0x000000000000499b                read
                0x00000000000049a3                write
                0x00000000000049ab                close
                0x00000000000049b3                kill
                0x00000000000049bb                exec
                0x00000000000049c3                open
                0x00000000000049cb                mknod
                0x00000000000049d3                unlink
                0x00000000000049db                fstat
                0x00000000000049e3                link
                0x00000000000049eb                mkdir
                0x00000000000049f3                chdir
                0x00000000000049fb                dup
                0x0000000000004a03                getpid
                0x0000000000004a0b                sbrk
                0x0000000000004a13                sleep
                0x0000000000004a1b                uptime
                0x0000000000004a23                getyear
                0x0000000000004a2b                mprotect
                0x0000000000004a33                munprotect
 *fill*         0x0000000000004a3b        0x5 
 .text          0x0000000000004a40      0x276 printf.o
                0x0000000000004af0                printf
 *fill*         0x0000000000004cb6        0xa 
 .text          0x0000000000004cc0      0x196 umalloc.o
                0x0000000000004cc0                free
                0x0000000000004d50                malloc
 *(.gnu.warning)

.fini
 *(SORT_NONE(.fini))
                [!provide]                        PROVIDE (__etext = .)
                [!provide]                        PROVIDE (_etext = .)
                [!provide]                        PROVIDE (etext = .)

.rodata         0x0000000000004e58     0x17b1
 *(.rodata .rodata.* .gnu.linkonce.r.*)
 .rodata.str1.1
                0x0000000000004e58     0x1021 usertests.o
                                       0x10af (size before relaxing)
 *fill*         0x0000000000005e79        0x3 
 .rodata.str1.4
                0x0000000000005e7c      0x772 usertests.o
 .rodata.str1.1
                0x00000000000065ee        0x7 printf.o
 *fill*         0x00000000000065f5        0x3 
 .rodata        0x00000000000065f8       0x11 printf.o

.rodata1
 *(.rodata1)

.eh_frame_hdr
 *(.eh_frame_hdr)
 *(.eh_frame_entry .eh_frame_entry.*)

.eh_frame       0x000000000000660c      0x8e0
 *(.eh_frame)
 .eh_frame      0x000000000000660c      0x688 usertests.o
 .eh_frame      0x0000000000006c94      0x17c ulib.o
                                        0x194 (size before relaxing)
 .eh_frame      0x0000000000006e10       0x60 printf.o
                                         0x78 (size before relaxing)
 .eh_frame      0x0000000000006e70       0x7c umalloc.o
                                         0x94 (size before relaxing)
 *(.eh_frame.*)

.gcc_except_table
 *(.gcc_except_table .gcc_except_table.*)

.gnu_extab
 *(.gnu_extab*)

.exception_ranges
 *(.exception_ranges*)
                0x0000000000006eec                . = .

.eh_frame
 *(.eh_frame)
 *(.eh_frame.*)

.gnu_extab
 *(.gnu_extab)

.gcc_except_table
 *(.gcc_except_table .gcc_except_table.*)

.exception_ranges
 *(.exception_ranges*)

.tdata          0x0000000000006eec        0x0
                [!provide]                        PROVIDE (__tdata_start = .)
 *(.tdata .tdata.* .gnu.linkonce.td.*)

.tbss
 *(.tbss .tbss.* .gnu.linkonce.tb.*)
 *(.tcommon)

.preinit_array  0x0000000000006eec        0x0
                [!provide]                        PROVIDE (__preinit_array_start = .)
 *(.preinit_array)
                [!provide]                        PROVIDE (__preinit_array_end = .)

.init_array     0x0000000000006eec        0x0
                [!provide]                        PROVIDE (__init_array_start = .)
 *(SORT_BY_INIT_PRIORITY(.init_array.*) SORT_BY_INIT_PRIORITY(.ctors.*))
 *(.init_array EXCLUDE_FILE(*crtend?.o *crtend.o *crtbegin?.o *crtbegin.o) .ctors)
                [!provide]                        PROVIDE (__init_array_end = .)

.fini_array     0x0000000000006eec        0x0
                [!provide]                        PROVIDE (__fini_array_start = .)
 *(SORT_BY_INIT_PRIORITY(.fini_array.*) SORT_BY_INIT_PRIORITY(.dtors.*))
 *(.fini_array EXCLUDE_FILE(*crtend?.o *crtend.o *crtbegin?.o *crtbegin.o) .dtors)
                [!provide]                        PROVIDE (__fini_array_end = .)

.ctors
 *crtbegin.o(.ctors)
 *crtbegin?.o(.ctors)
 *(EXCLUDE_FILE(*crtend?.o *crtend.o) .ctors)
 *(SORT_BY_NAME(.ctors.*))
 *(.ctors)

.dtors
 *crtbegin.o(.dtors)
 *crtbegin?.o(.dtors)
 *(EXCLUDE_FILE(*crtend?.o *crtend.o) .dtors)
 *(SORT_BY_NAME(.dtors.*))
 *(.dtors)

.jcr
 *(.jcr)

.data.rel.ro
 *(.data.rel.ro.local* .gnu.linkonce.d.rel.ro.local.*)
 *(.data.rel.ro .data.rel.ro.* .gnu.linkonce.d.rel.ro.*)

.dynamic
 *(.dynamic)

.got            0x0000000000006eec        0x0
 *(.got)
 .got           0x0000000000006eec        0x0 usertests.o
 *(.igot)

.got.plt        0x0000000000006eec        0x0
 *(.got.plt)
 .got.plt       0x0000000000006eec        0x0 usertests.o
 *(.igot.plt)
 .igot.plt      0x0000000000006eec        0x0 usertests.o

.data           0x0000000000006eec       0x1c
 *(.data .data.* .gnu.linkonce.d.*)
 .data          0x0000000000006eec       0x1c usertests.o
                0x0000000000006eec                randstate
                0x0000000000006ef0                stdout
                0x0000000000006ef4                echoargv
 .data          0x0000000000006f08        0x0 ulib.o
 .data          0x0000000000006f08        0x0 usys.o
 .data          0x0000000000006f08        0x0 printf.o
 .data          0x0000000000006f08        0x0 umalloc.o

.data1
 *(.data1)
                0x0000000000006f08                _edata = .
                [!provide]                        PROVIDE (edata = .)
                0x0000000000006f08                . = .
                0x0000000000006f08                __bss_start = .

.bss            0x0000000000006f20     0x47c4
 *(.dynbss)
 *(.bss .bss.* .gnu.linkonce.b.*)
 .bss           0x0000000000006f20       0x80 usertests.o
 .bss           0x0000000000006fa0        0x0 ulib.o
 .bss           0x0000000000006fa0        0x0 usys.o
 .bss           0x0000000000006fa0        0x0 printf.o
 .bss           0x0000000000006fa0        0xc umalloc.o
 *(COMMON)
 *fill*         0x0000000000006fac       0x14 
 COMMON         0x0000000000006fc0     0x4723 usertests.o
                0x0000000000006fc0                uninit
                0x00000000000096e0                buf
                0x000000000000b6e0                name
                0x000000000000b6e4                . = ALIGN ((. != 0x0)?0x4:0x1)
 *fill*         0x000000000000b6e3        0x1 
                0x000000000000b6e4                . = ALIGN (0x4)
                0x000000000000b6e4                . = SEGMENT_START ("ldata-segment", .)
                0x000000000000b6e4                . = ALIGN (0x4)
                0x000000000000b6e4                _end = .
                [!provide]                        PROVIDE (end = .)

.stab
 *(.stab)

.stabstr
 *(.stabstr)

.stab.excl
 *(.stab.excl)

.stab.exclstr
 *(.stab.exclstr)

.stab.index
 *(.stab.index)

.stab.indexstr
 *(.stab.indexstr)

.comment        0x0000000000000000       0x2b
 *(.comment)
 .comment       0x0000000000000000       0x2b usertests.o
                                         0x2c (size before relaxing)
 .comment       0x000000000000002b       0x2c ulib.o
 .comment       0x000000000000002b       0x2c printf.o
 .comment       0x000000000000002b       0x2c umalloc.o

.gnu.build.attributes
 *(.gnu.build.attributes .gnu.build.attributes.*)

.debug
 *(.debug)

.line
 *(.line)

.debug_srcinfo
 *(.debug_srcinfo)

.debug_sfnames
 *(.debug_sfnames)

.debug_aranges  0x0000000000000000       0xa8
 *(.debug_aranges)
 .debug_aranges
                0x0000000000000000       0x28 usertests.o
 .debug_aranges
                0x0000000000000028       0x20 ulib.o
 .debug_aranges
                0x0000000000000048       0x20 usys.o
 .debug_aranges
                0x0000000000000068       0x20 printf.o
 .debug_aranges
                0x0000000000000088       0x20 umalloc.o

.debug_pubnames
 *(.debug_pubnames)

.debug_info     0x0000000000000000     0x395c
 *(.debug_info .gnu.linkonce.wi.*)
 .debug_info    0x0000000000000000     0x2edc usertests.o
 .debug_info    0x0000000000002edc      0x46a ulib.o
 .debug_info    0x0000000000003346       0x26 usys.o
 .debug_info    0x000000000000336c      0x3b5 printf.o
 .debug_info    0x0000000000003721      0x23b umalloc.o

.debug_abbrev   0x0000000000000000      0x8b5
 *(.debug_abbrev)
 .debug_abbrev  0x0000000000000000      0x3a5 usertests.o
 .debug_abbrev  0x00000000000003a5      0x186 ulib.o
 .debug_abbrev  0x000000000000052b       0x14 usys.o
 .debug_abbrev  0x000000000000053f      0x1c0 printf.o
 .debug_abbrev  0x00000000000006ff      0x1b6 umalloc.o

.debug_line     0x0000000000000000     0x2885
 *(.debug_line .debug_line.* .debug_line_end)
 .debug_line    0x0000000000000000     0x2070 usertests.o
 .debug_line    0x0000000000002070      0x2b9 ulib.o
 .debug_line    0x0000000000002329       0x4d usys.o
 .debug_line    0x0000000000002376      0x2e3 printf.o
 .debug_line    0x0000000000002659      0x22c umalloc.o

.debug_frame
 *(.debug_frame)

.debug_str      0x0000000000000000      0x453
 *(.debug_str)
 .debug_str     0x0000000000000000      0x379 usertests.o
                                        0x3bf (size before relaxing)
 .debug_str     0x0000000000000379       0x5a ulib.o
                                        0x1b7 (size before relaxing)
 .debug_str     0x00000000000003d3       0x13 usys.o
                                         0x2b (size before relaxing)
 .debug_str     0x00000000000003e6       0x23 printf.o
                                        0x166 (size before relaxing)
 .debug_str     0x0000000000000409       0x4a umalloc.o
                                        0x195 (size before relaxing)

.debug_loc      0x0000000000000000     0x29a3
 *(.debug_loc)
 .debug_loc     0x0000000000000000     0x1eea usertests.o
 .debug_loc     0x0000000000001eea      0x3aa ulib.o
 .debug_loc     0x0000000000002294      0x4de printf.o
 .debug_loc     0x0000000000002772      0x231 umalloc.o

.debug_macinfo
 *(.debug_macinfo)

.debug_weaknames
 *(.debug_weaknames)

.debug_funcnames
 *(.debug_funcnames)

.debug_typenames
 *(.debug_typenames)

.debug_varnames
 *(.debug_varnames)

.debug_pubtypes
 *(.debug_pubtypes)

.debug_ranges   0x0000000000000000      0x170
 *(.debug_ranges)
 .debug_ranges  0x0000000000000000      0x100 usertests.o
 .debug_ranges  0x0000000000000100       0x58 printf.o
 .debug_ranges  0x0000000000000158       0x18 umalloc.o

.debug_macro
 *(.debug_macro)

.debug_addr
 *(.debug_addr)

.gnu.attributes
 *(.gnu.attributes)

/DISCARD/
 *(.note.GNU-stack)
 *(.gnu_debuglink)
 *(.gnu.lto_*)
OUTPUT(_usertests elf32-i386)
